Running with dbt=1.10.13
Registered adapter: postgres=1.9.1
Found 19 models, 1 source, 571 macros

Concurrency: 1 threads (target='dev')

1 of 4 START sql table model staging.stg_parse_mileage ......................... [RUN]
1 of 4 ERROR creating sql table model staging.stg_parse_mileage ................ [[31mERROR[0m in 0.30s]
2 of 4 SKIP relation staging.stg_parse_engine .................................. [[33mSKIP[0m]
3 of 4 SKIP relation staging.stg_parse_date_posted ............................. [[33mSKIP[0m]
4 of 4 SKIP relation staging.stg_final_parse ................................... [[33mSKIP[0m]

Finished running 3 table models, 1 view model in 0 hours 0 minutes and 0.84 seconds (0.84s).

[31mCompleted with 1 error, 0 partial successes, and 0 warnings:[0m

[31mFailure in model stg_parse_mileage (models/staging/stg_parse_mileage.sql)[0m
  Database Error in model stg_parse_mileage (models/staging/stg_parse_mileage.sql)
  operator does not exist: text <> integer
  LINE 32: WHERE mileage != 0
                         ^
  HINT:  No operator matches the given name and argument types. You might need to add explicit type casts.
  compiled code at target/dbt_cars_dbt_assets-4e5be93-23dc53e/run/dbt_cars/models/staging/stg_parse_mileage.sql

  compiled code at target/dbt_cars_dbt_assets-4e5be93-23dc53e/compiled/dbt_cars/models/staging/stg_parse_mileage.sql

Done. PASS=0 WARN=0 ERROR=1 SKIP=3 NO-OP=0 TOTAL=4
