[32m2025-10-13 14:46:05 +0700[0m - dagster - [34mDEBUG[0m - __ASSET_JOB - fcbe395b-066e-47e7-804f-887bbe858796 - 12933 - LOGS_CAPTURED - Started capturing logs in process (pid: 12933).
[32m2025-10-13 14:46:05 +0700[0m - dagster - [34mDEBUG[0m - __ASSET_JOB - fcbe395b-066e-47e7-804f-887bbe858796 - 12933 - dbt_cars_dbt_assets - STEP_START - Started execution of step "dbt_cars_dbt_assets".
[32m2025-10-13 14:46:05 +0700[0m - dagster - [34mINFO[0m - __ASSET_JOB - fcbe395b-066e-47e7-804f-887bbe858796 - dbt_cars_dbt_assets - A dbt subsetted execution is not being performed. Using the default dbt selection arguments `['--select', 'fqn:*']`.
[32m2025-10-13 14:46:13 +0700[0m - dagster - [34mINFO[0m - __ASSET_JOB - fcbe395b-066e-47e7-804f-887bbe858796 - dbt_cars_dbt_assets - Copying `/Users/hoangvinh/Library/CloudStorage/OneDrive-Personal/Workspace/IS217/dbt_cars/target/partial_parse.msgpack` to `/Users/hoangvinh/Library/CloudStorage/OneDrive-Personal/Workspace/IS217/dbt_cars/target/dbt_cars_dbt_assets-fcbe395-18a91b9/partial_parse.msgpack` to take advantage of partial parsing.
[32m2025-10-13 14:46:13 +0700[0m - dagster - [34mINFO[0m - __ASSET_JOB - fcbe395b-066e-47e7-804f-887bbe858796 - dbt_cars_dbt_assets - Running dbt command: `dbt build --select fqn:*`.
[32m2025-10-13 14:46:22 +0700[0m - dagster - [34mDEBUG[0m - __ASSET_JOB - fcbe395b-066e-47e7-804f-887bbe858796 - 12933 - dbt_cars_dbt_assets - STEP_OUTPUT - Yielded output "my_first_dbt_model" of type "Nothing". (Type check passed).
[32m2025-10-13 14:46:23 +0700[0m - dagster - [34mDEBUG[0m - __ASSET_JOB - fcbe395b-066e-47e7-804f-887bbe858796 - 12933 - dbt_cars_dbt_assets - ASSET_MATERIALIZATION - Materialized value my_first_dbt_model.
[32m2025-10-13 14:46:23 +0700[0m - dagster - [34mDEBUG[0m - __ASSET_JOB - fcbe395b-066e-47e7-804f-887bbe858796 - 12933 - dbt_cars_dbt_assets - STEP_OUTPUT - Yielded output "my_first_dbt_model_not_null_my_first_dbt_model_id" of type "Any". (Type check passed).
[32m2025-10-13 14:46:23 +0700[0m - dagster - [34mDEBUG[0m - __ASSET_JOB - fcbe395b-066e-47e7-804f-887bbe858796 - 12933 - dbt_cars_dbt_assets - ASSET_CHECK_EVALUATION - Asset check 'not_null_my_first_dbt_model_id' on 'my_first_dbt_model' did not pass.
[32m2025-10-13 14:46:23 +0700[0m - dagster - [34mDEBUG[0m - __ASSET_JOB - fcbe395b-066e-47e7-804f-887bbe858796 - 12933 - dbt_cars_dbt_assets - STEP_OUTPUT - Yielded output "my_first_dbt_model_unique_my_first_dbt_model_id" of type "Any". (Type check passed).
[32m2025-10-13 14:46:23 +0700[0m - dagster - [34mDEBUG[0m - __ASSET_JOB - fcbe395b-066e-47e7-804f-887bbe858796 - 12933 - dbt_cars_dbt_assets - ASSET_CHECK_EVALUATION - Asset check 'unique_my_first_dbt_model_id' on 'my_first_dbt_model' passed.
[32m2025-10-13 14:46:25 +0700[0m - dagster - [34mINFO[0m - __ASSET_JOB - fcbe395b-066e-47e7-804f-887bbe858796 - dbt_cars_dbt_assets - Finished dbt command: `dbt build --select fqn:*`.
[32m2025-10-13 14:46:25 +0700[0m - dagster - [34mERROR[0m - [31m__ASSET_JOB - fcbe395b-066e-47e7-804f-887bbe858796 - 12933 - dbt_cars_dbt_assets - STEP_FAILURE - Execution of step "dbt_cars_dbt_assets" failed.

dagster_dbt.errors.DagsterDbtCliRuntimeError: The dbt CLI process with command

`dbt build --select fqn:*`

failed with exit code `1`. Check the stdout in the Dagster compute logs for the full information about the error, or view the dbt debug log: /Users/hoangvinh/Library/CloudStorage/OneDrive-Personal/Workspace/IS217/dbt_cars/target/dbt_cars_dbt_assets-fcbe395-18a91b9/dbt.log.

Errors parsed from dbt logs:

2 of 6 FAIL 1 not_null_my_first_dbt_model_id ................................... [[31mFAIL 1[0m in 0.95s]

[31mFailure in test not_null_my_first_dbt_model_id (models/example/schema.yml)[0m

  Got 1 result, configured to fail if != 0

Stack Trace:
  File "/Users/hoangvinh/.pyenv/versions/3.10.6/envs/venv_IS217/lib/python3.10/site-packages/dagster/_core/execution/plan/execute_plan.py", line 247, in dagster_event_sequence_for_step
    yield from check.generator(step_events)
  File "/Users/hoangvinh/.pyenv/versions/3.10.6/envs/venv_IS217/lib/python3.10/site-packages/dagster/_core/execution/plan/execute_step.py", line 504, in core_dagster_event_sequence_for_step
    for user_event in _step_output_error_checked_user_event_sequence(
  File "/Users/hoangvinh/.pyenv/versions/3.10.6/envs/venv_IS217/lib/python3.10/site-packages/dagster/_core/execution/plan/execute_step.py", line 183, in _step_output_error_checked_user_event_sequence
    for user_event in user_event_sequence:
  File "/Users/hoangvinh/.pyenv/versions/3.10.6/envs/venv_IS217/lib/python3.10/site-packages/dagster/_core/execution/plan/execute_step.py", line 88, in _process_asset_results_to_events
    for user_event in user_event_sequence:
  File "/Users/hoangvinh/.pyenv/versions/3.10.6/envs/venv_IS217/lib/python3.10/site-packages/dagster/_core/execution/plan/compute.py", line 190, in execute_core_compute
    for step_output in _yield_compute_results(step_context, inputs, compute_fn, compute_context):
  File "/Users/hoangvinh/.pyenv/versions/3.10.6/envs/venv_IS217/lib/python3.10/site-packages/dagster/_core/execution/plan/compute.py", line 159, in _yield_compute_results
    for event in iterate_with_context(
  File "/Users/hoangvinh/.pyenv/versions/3.10.6/envs/venv_IS217/lib/python3.10/site-packages/dagster/_utils/__init__.py", line 392, in iterate_with_context
    next_output = next(iterator)
  File "/Users/hoangvinh/Library/CloudStorage/OneDrive-Personal/Workspace/IS217/elt_pipeline/src/elt_pipeline/dbt_assets.py", line 9, in dbt_cars_dbt_assets
    yield from dbt.cli(["build"], context=context).stream()
  File "/Users/hoangvinh/.pyenv/versions/3.10.6/envs/venv_IS217/lib/python3.10/site-packages/dagster_dbt/core/dbt_event_iterator.py", line 207, in __next__
    return next(self._inner_iterator)
  File "/Users/hoangvinh/.pyenv/versions/3.10.6/envs/venv_IS217/lib/python3.10/site-packages/dagster_dbt/core/dbt_cli_invocation.py", line 289, in _stream_asset_events
    for event in self.stream_raw_events():
  File "/Users/hoangvinh/.pyenv/versions/3.10.6/envs/venv_IS217/lib/python3.10/site-packages/dagster_dbt/core/dbt_cli_invocation.py", line 382, in stream_raw_events
    self._raise_on_error()
  File "/Users/hoangvinh/.pyenv/versions/3.10.6/envs/venv_IS217/lib/python3.10/site-packages/dagster_dbt/core/dbt_cli_invocation.py", line 475, in _raise_on_error
    raise error
[0m
