[32m2025-10-15 17:32:06 +0700[0m - dagster - [34mDEBUG[0m - __ASSET_JOB - 74a27845-ce79-4f54-ab92-0dfd4316e7dc - 9803 - LOGS_CAPTURED - Started capturing logs in process (pid: 9803).
[32m2025-10-15 17:32:06 +0700[0m - dagster - [34mDEBUG[0m - __ASSET_JOB - 74a27845-ce79-4f54-ab92-0dfd4316e7dc - 9803 - dbt_cars_dbt_assets - STEP_START - Started execution of step "dbt_cars_dbt_assets".
[32m2025-10-15 17:32:07 +0700[0m - dagster - [34mINFO[0m - __ASSET_JOB - 74a27845-ce79-4f54-ab92-0dfd4316e7dc - dbt_cars_dbt_assets - A dbt subsetted execution is being performed. Overriding default dbt selection arguments `['--select', 'fqn:*']` with arguments: `['dbt_cars.staging.stg_parse_mileage']`.
[32m2025-10-15 17:32:14 +0700[0m - dagster - [34mINFO[0m - __ASSET_JOB - 74a27845-ce79-4f54-ab92-0dfd4316e7dc - dbt_cars_dbt_assets - Copying `/Users/hoangvinh/Library/CloudStorage/OneDrive-Personal/Workspace/IS217/dbt_cars/target/partial_parse.msgpack` to `/Users/hoangvinh/Library/CloudStorage/OneDrive-Personal/Workspace/IS217/dbt_cars/target/dbt_cars_dbt_assets-74a2784-aa1f8c8/partial_parse.msgpack` to take advantage of partial parsing.
[32m2025-10-15 17:32:14 +0700[0m - dagster - [34mINFO[0m - __ASSET_JOB - 74a27845-ce79-4f54-ab92-0dfd4316e7dc - dbt_cars_dbt_assets - Running dbt command: `dbt build --select dbt_cars.staging.stg_parse_mileage`.
[32m2025-10-15 17:32:29 +0700[0m - dagster - [34mINFO[0m - __ASSET_JOB - 74a27845-ce79-4f54-ab92-0dfd4316e7dc - dbt_cars_dbt_assets - Finished dbt command: `dbt build --select dbt_cars.staging.stg_parse_mileage`.
[32m2025-10-15 17:32:29 +0700[0m - dagster - [34mERROR[0m - [31m__ASSET_JOB - 74a27845-ce79-4f54-ab92-0dfd4316e7dc - 9803 - dbt_cars_dbt_assets - STEP_FAILURE - Execution of step "dbt_cars_dbt_assets" failed.

dagster_dbt.errors.DagsterDbtCliRuntimeError: The dbt CLI process with command

`dbt build --select dbt_cars.staging.stg_parse_mileage`

failed with exit code `1`. Check the stdout in the Dagster compute logs for the full information about the error, or view the dbt debug log: /Users/hoangvinh/Library/CloudStorage/OneDrive-Personal/Workspace/IS217/dbt_cars/target/dbt_cars_dbt_assets-74a2784-aa1f8c8/dbt.log.

Errors parsed from dbt logs:

1 of 1 ERROR creating sql table model staging.stg_parse_mileage ................ [[31mERROR[0m in 0.87s]

[31mFailure in model stg_parse_mileage (models/staging/stg_parse_mileage.sql)[0m

  Database Error in model stg_parse_mileage (models/staging/stg_parse_mileage.sql)
  invalid input syntax for type bigint: "2000,049"
  compiled code at target/dbt_cars_dbt_assets-74a2784-aa1f8c8/run/dbt_cars/models/staging/stg_parse_mileage.sql

Stack Trace:
  File "/Users/hoangvinh/.pyenv/versions/3.10.6/envs/venv_IS217/lib/python3.10/site-packages/dagster/_core/execution/plan/execute_plan.py", line 247, in dagster_event_sequence_for_step
    yield from check.generator(step_events)
  File "/Users/hoangvinh/.pyenv/versions/3.10.6/envs/venv_IS217/lib/python3.10/site-packages/dagster/_core/execution/plan/execute_step.py", line 504, in core_dagster_event_sequence_for_step
    for user_event in _step_output_error_checked_user_event_sequence(
  File "/Users/hoangvinh/.pyenv/versions/3.10.6/envs/venv_IS217/lib/python3.10/site-packages/dagster/_core/execution/plan/execute_step.py", line 183, in _step_output_error_checked_user_event_sequence
    for user_event in user_event_sequence:
  File "/Users/hoangvinh/.pyenv/versions/3.10.6/envs/venv_IS217/lib/python3.10/site-packages/dagster/_core/execution/plan/execute_step.py", line 88, in _process_asset_results_to_events
    for user_event in user_event_sequence:
  File "/Users/hoangvinh/.pyenv/versions/3.10.6/envs/venv_IS217/lib/python3.10/site-packages/dagster/_core/execution/plan/compute.py", line 190, in execute_core_compute
    for step_output in _yield_compute_results(step_context, inputs, compute_fn, compute_context):
  File "/Users/hoangvinh/.pyenv/versions/3.10.6/envs/venv_IS217/lib/python3.10/site-packages/dagster/_core/execution/plan/compute.py", line 159, in _yield_compute_results
    for event in iterate_with_context(
  File "/Users/hoangvinh/.pyenv/versions/3.10.6/envs/venv_IS217/lib/python3.10/site-packages/dagster/_utils/__init__.py", line 392, in iterate_with_context
    next_output = next(iterator)
  File "/Users/hoangvinh/Library/CloudStorage/OneDrive-Personal/Workspace/IS217/elt_pipeline/src/elt_pipeline/dbt_assets.py", line 14, in dbt_cars_dbt_assets
    yield from dbt.cli(["build"], context=context).stream()
  File "/Users/hoangvinh/.pyenv/versions/3.10.6/envs/venv_IS217/lib/python3.10/site-packages/dagster_dbt/core/dbt_event_iterator.py", line 207, in __next__
    return next(self._inner_iterator)
  File "/Users/hoangvinh/.pyenv/versions/3.10.6/envs/venv_IS217/lib/python3.10/site-packages/dagster_dbt/core/dbt_cli_invocation.py", line 289, in _stream_asset_events
    for event in self.stream_raw_events():
  File "/Users/hoangvinh/.pyenv/versions/3.10.6/envs/venv_IS217/lib/python3.10/site-packages/dagster_dbt/core/dbt_cli_invocation.py", line 382, in stream_raw_events
    self._raise_on_error()
  File "/Users/hoangvinh/.pyenv/versions/3.10.6/envs/venv_IS217/lib/python3.10/site-packages/dagster_dbt/core/dbt_cli_invocation.py", line 475, in _raise_on_error
    raise error
[0m
